[2025-10-13T16:45:53.518Z] Query 1 failed: -- Example post-import SQL queries
-- This file contains SQL commands that will be executed after th...: This command is not supported in the prepared statement protocol yet
Error: This command is not supported in the prepared statement protocol yet
    at PromiseConnection.execute (/home/u1/projects/uohs/rpa/backend/node_modules/mysql2/lib/promise/connection.js:47:22)
    at DataImporter.executeAfterImportSQL (/home/u1/projects/uohs/rpa/backend/import-data.cjs:275:33)
    at async DataImporter.run (/home/u1/projects/uohs/rpa/backend/import-data.cjs:312:7)
    at async main (/home/u1/projects/uohs/rpa/backend/import-data.cjs:351:5)
[2025-10-13T16:45:53.520Z] Failed to execute after-import.sql: This command is not supported in the prepared statement protocol yet
Error: This command is not supported in the prepared statement protocol yet
    at PromiseConnection.execute (/home/u1/projects/uohs/rpa/backend/node_modules/mysql2/lib/promise/connection.js:47:22)
    at DataImporter.executeAfterImportSQL (/home/u1/projects/uohs/rpa/backend/import-data.cjs:275:33)
    at async DataImporter.run (/home/u1/projects/uohs/rpa/backend/import-data.cjs:312:7)
    at async main (/home/u1/projects/uohs/rpa/backend/import-data.cjs:351:5)
[2025-10-13T16:45:53.521Z] Import process failed: This command is not supported in the prepared statement protocol yet
Error: This command is not supported in the prepared statement protocol yet
    at PromiseConnection.execute (/home/u1/projects/uohs/rpa/backend/node_modules/mysql2/lib/promise/connection.js:47:22)
    at DataImporter.executeAfterImportSQL (/home/u1/projects/uohs/rpa/backend/import-data.cjs:275:33)
    at async DataImporter.run (/home/u1/projects/uohs/rpa/backend/import-data.cjs:312:7)
    at async main (/home/u1/projects/uohs/rpa/backend/import-data.cjs:351:5)
[2025-10-13T16:45:53.527Z] Fatal error: This command is not supported in the prepared statement protocol yet
Error: This command is not supported in the prepared statement protocol yet
    at PromiseConnection.execute (/home/u1/projects/uohs/rpa/backend/node_modules/mysql2/lib/promise/connection.js:47:22)
    at DataImporter.executeAfterImportSQL (/home/u1/projects/uohs/rpa/backend/import-data.cjs:275:33)
    at async DataImporter.run (/home/u1/projects/uohs/rpa/backend/import-data.cjs:312:7)
    at async main (/home/u1/projects/uohs/rpa/backend/import-data.cjs:351:5)
